// Jest Snapshot v1, https://goo.gl/fbAQLP

exports[`The questions list should render elements questions list should exist on the DOM 1`] = `
<div
  className="questions-list"
>
  <div>
    <div
      className="question-list-body"
    >
      <p
        className="question-body"
      >
        <span
          className="question-heading"
        >
          Q: 
        </span>
         
        How does this fit?
      </p>
      <p
        className="question-actions"
      >
        <span>
          <b>
            Helpful?
          </b>
        </span>
         
        <span>
          <a
            className="q-links"
            onClick={[Function]}
          >
            Yes (
            14
            )
          </a>
           
          <b
            className="q-pipes"
          >
            |
          </b>
        </span>
         
        <a
          className="q-links"
          onClick={[Function]}
        >
          Add Answer
        </a>
         
        <b
          className="q-pipes"
        >
          |
        </b>
         
        <a
          className="q-links"
          onClick={[Function]}
        >
          Report Question
        </a>
      </p>
    </div>
    <div
      className="answer-title"
    >
      <h4
        className="answer-heading"
      >
        A: 
      </h4>
       
      <div
        className="answer-list"
      >
        <p
          className="answer-body"
        >
          No Answers Yet!
        </p>
      </div>
    </div>
  </div>
  <div>
    <div
      className="question-list-body"
    >
      <p
        className="question-body"
      >
        <span
          className="question-heading"
        >
          Q: 
        </span>
         
        Will my heir try to usurp the throne if they have these shoes
      </p>
      <p
        className="question-actions"
      >
        <span>
          <b>
            Helpful?
          </b>
        </span>
         
        <span>
          <a
            className="q-links"
            onClick={[Function]}
          >
            Yes (
            1
            )
          </a>
           
          <b
            className="q-pipes"
          >
            |
          </b>
        </span>
         
        <a
          className="q-links"
          onClick={[Function]}
        >
          Add Answer
        </a>
         
        <b
          className="q-pipes"
        >
          |
        </b>
         
        <a
          className="q-links"
          onClick={[Function]}
        >
          Report Question
        </a>
      </p>
    </div>
    <div
      className="answer-title"
    >
      <h4
        className="answer-heading"
      >
        A: 
      </h4>
       
      <div
        className="answer-list"
      >
        <p
          className="answer-body"
        >
          No Answers Yet!
        </p>
      </div>
    </div>
  </div>
  <button
    className="more-questions-button"
    onClick={[Function]}
    type="button"
  >
    More Questions
  </button>
  <button
    className="add-questions-button"
    onClick={[Function]}
    type="button"
  >
    Add A Question +
  </button>
</div>
`;
